[0.042s][info][gc] Using G1
[0.042s][info][gc,init] Version: 17.0.8+9-LTS-211 (release)
[0.042s][info][gc,init] CPUs: 8 total, 8 available
[0.042s][info][gc,init] Memory: 16384M
[0.042s][info][gc,init] Large Page Support: Disabled
[0.042s][info][gc,init] NUMA Support: Disabled
[0.042s][info][gc,init] Compressed Oops: Enabled (Zero based)
[0.042s][info][gc,init] Heap Region Size: 2M
[0.042s][info][gc,init] Heap Min Capacity: 8M
[0.042s][info][gc,init] Heap Initial Capacity: 256M
[0.042s][info][gc,init] Heap Max Capacity: 4G
[0.042s][info][gc,init] Pre-touch: Disabled
[0.042s][info][gc,init] Parallel Workers: 8
[0.042s][info][gc,init] Concurrent Workers: 2
[0.042s][info][gc,init] Concurrent Refinement Workers: 8
[0.043s][info][gc,init] Periodic GC: Disabled
[0.060s][info][gc,metaspace] CDS archive(s) mapped at: [0x0000007000000000-0x0000007000be4000-0x0000007000be4000), size 12468224, SharedBaseAddress: 0x0000007000000000, ArchiveRelocationMode: 1.
[0.060s][info][gc,metaspace] Compressed class space mapped at: 0x0000007001000000-0x0000007041000000, reserved size: 1073741824
[0.060s][info][gc,metaspace] Narrow klass base: 0x0000007000000000, Narrow klass shift: 0, Narrow klass range: 0x100000000
[40,486s][info][gc,start    ] GC(0) Pause Young (Normal) (G1 Evacuation Pause)
[40,487s][info][gc,task     ] GC(0) Using 8 workers of 8 for evacuation
[40,493s][info][gc,phases   ] GC(0)   Pre Evacuate Collection Set: 0,2ms
[40,493s][info][gc,phases   ] GC(0)   Merge Heap Roots: 0,6ms
[40,493s][info][gc,phases   ] GC(0)   Evacuate Collection Set: 4,4ms
[40,493s][info][gc,phases   ] GC(0)   Post Evacuate Collection Set: 0,4ms
[40,493s][info][gc,phases   ] GC(0)   Other: 2,2ms
[40,493s][info][gc,heap     ] GC(0) Eden regions: 31->0(62)
[40,493s][info][gc,heap     ] GC(0) Survivor regions: 0->2(4)
[40,493s][info][gc,heap     ] GC(0) Old regions: 0->0
[40,493s][info][gc,heap     ] GC(0) Archive regions: 2->2
[40,493s][info][gc,heap     ] GC(0) Humongous regions: 1->1
[40,493s][info][gc,metaspace] GC(0) Metaspace: 8084K(8192K)->8084K(8192K) NonClass: 7121K(7168K)->7121K(7168K) Class: 963K(1024K)->963K(1024K)
[40,493s][info][gc          ] GC(0) Pause Young (Normal) (G1 Evacuation Pause) 65M->7M(260M) 7,011ms
[40,493s][info][gc,cpu      ] GC(0) User=0,02s Sys=0,00s Real=0,01s
[41,560s][info][gc,heap,exit] Heap
[41,560s][info][gc,heap,exit]  garbage-first heap   total 266240K, used 50928K [0x0000000700000000, 0x0000000800000000)
[41,560s][info][gc,heap,exit]   region size 2048K, 23 young (47104K), 2 survivors (4096K)
[41,560s][info][gc,heap,exit]  Metaspace       used 8368K, committed 8512K, reserved 1114112K
[41,560s][info][gc,heap,exit]   class space    used 984K, committed 1024K, reserved 1048576K
