[0.011s][info][gc,init] CardTable entry size: 512
[0.011s][info][gc     ] Using G1
[0.012s][info][gc,init] Version: 21.0.7 (release)
[0.012s][info][gc,init] CPUs: 8 total, 8 available
[0.012s][info][gc,init] Memory: 16384M
[0.012s][info][gc,init] Large Page Support: Disabled
[0.012s][info][gc,init] NUMA Support: Disabled
[0.012s][info][gc,init] Compressed Oops: Enabled (Zero based)
[0.012s][info][gc,init] Heap Region Size: 2M
[0.012s][info][gc,init] Heap Min Capacity: 8M
[0.012s][info][gc,init] Heap Initial Capacity: 256M
[0.012s][info][gc,init] Heap Max Capacity: 4G
[0.012s][info][gc,init] Pre-touch: Disabled
[0.012s][info][gc,init] Parallel Workers: 8
[0.012s][info][gc,init] Concurrent Workers: 2
[0.012s][info][gc,init] Concurrent Refinement Workers: 8
[0.012s][info][gc,init] Periodic GC: Disabled
[0.034s][info][gc,metaspace] CDS archive(s) mapped at: [0x0000000300000000-0x0000000300c90000-0x0000000300c90000), size 13172736, SharedBaseAddress: 0x0000000300000000, ArchiveRelocationMode: 1.
[0.034s][info][gc,metaspace] Compressed class space mapped at: 0x0000000301000000-0x0000000341000000, reserved size: 1073741824
[0.034s][info][gc,metaspace] Narrow klass base: 0x0000000300000000, Narrow klass shift: 0, Narrow klass range: 0x100000000
[0.305s][info][gc,heap,exit] Heap
[0.305s][info][gc,heap,exit]  garbage-first heap   total 264192K, used 36896K [0x0000000700000000, 0x0000000800000000)
[0.305s][info][gc,heap,exit]   region size 2048K, 18 young (36864K), 0 survivors (0K)
[0.305s][info][gc,heap,exit]  Metaspace       used 8752K, committed 8960K, reserved 1114112K
[0.305s][info][gc,heap,exit]   class space    used 993K, committed 1088K, reserved 1048576K
