19/07/2025 11:47:25,145 [main] INFO  Server startServer 106  - Starting Moquette integration. Configuration file path=/Users/nils/Documents/Coding/Projects/iot/moquette-distribution-0.19/config/moquette.conf
19/07/2025 11:47:25,146 [main] INFO  ResourceLoaderConfig <init> 40  - Loading configuration. ResourceLoader = file, configName = null.
19/07/2025 11:47:25,146 [main] INFO  FileResourceLoader loadResource 68  - Loading file. Path = /Users/nils/Documents/Coding/Projects/iot/moquette-distribution-0.19/config/moquette.conf.
19/07/2025 11:47:25,149 [main] INFO  ResourceLoaderConfig <init> 62  - Parsing configuration properties. ResourceLoader = file, configName = null.
19/07/2025 11:47:25,152 [main] INFO  Server initInterceptors 526  - Configuring message interceptors...
19/07/2025 11:47:25,153 [main] INFO  BrokerInterceptor <init> 48  - Initializing broker interceptor. InterceptorIds=[]
19/07/2025 11:47:25,154 [main] INFO  Server startServer 194  - Using default SSL context creator
19/07/2025 11:47:25,175 [main] INFO  ResourceAuthenticator <init> 59  - Loading password file config/password_file.conf
19/07/2025 11:47:25,175 [main] INFO  FileResourceLoader loadResource 68  - Loading file. Path = /Users/nils/Documents/Coding/Projects/iot/moquette-distribution-0.19/config/password_file.conf.
19/07/2025 11:47:25,176 [main] INFO  Server initializeAuthenticator 520  - An io.moquette.broker.security.ResourceAuthenticator authenticator instance will be used
19/07/2025 11:47:25,176 [main] INFO  Server initializeAuthorizatorPolicy 499  - Authorizator policy io.moquette.broker.security.PermitAllAuthorizatorPolicy instance will be used
19/07/2025 11:47:25,180 [main] INFO  H2Builder initStore 38  - Initializing H2 store to /Users/nils/Documents/Coding/Projects/iot/moquette-distribution-0.19/data/moquette_store.h2
19/07/2025 11:47:25,197 [main] INFO  Server initQueuesRepository 314  - Configuring segmented queue store to data
19/07/2025 11:47:25,199 [main] INFO  QueuePool createOrLoadCheckpointFile 161  - Can't find any file named 'checkpoint.properties' in path: data, creating new one
19/07/2025 11:47:25,209 [main] INFO  CTrieSubscriptionDirectory init 45  - Initializing CTrie
19/07/2025 11:47:25,211 [main] INFO  CTrieSubscriptionDirectory init 48  - Initializing subscriptions store...
19/07/2025 11:47:25,235 [main] INFO  NewNettyAcceptor initialize 168  - Netty is using NIO
19/07/2025 11:47:25,290 [main] INFO  NewNettyAcceptor initFactory 221  - Server bound to host=0.0.0.0, port=1883, protocol=TCP MQTT
19/07/2025 11:47:25,292 [main] INFO  NewNettyAcceptor initFactory 221  - Server bound to host=0.0.0.0, port=8080, protocol=Websocket MQTT
19/07/2025 11:47:25,292 [main] INFO  Server startServer 273  - Moquette integration has been started successfully in 141 ms
19/07/2025 12:00:37,538 [Thread-8] INFO  Server stopServer 600  - Unbinding integration from the configured ports
19/07/2025 12:00:37,561 [Thread-8] INFO  NewNettyAcceptor close 394  - Waiting for worker and boss event loop groups to terminate...
19/07/2025 12:00:39,633 [Thread-8] INFO  NewNettyAcceptor close 414  - Metrics messages[read=0, write=0] bytes[read=0, write=0]
19/07/2025 12:00:39,634 [Thread-8] INFO  ScheduledExpirationService shutdown 70  - Successfully cancelled expired entities task
19/07/2025 12:00:39,661 [Thread-8] INFO  BrokerInterceptor stop 82  - Shutting down interceptor thread pool...
19/07/2025 12:00:39,661 [Thread-8] INFO  BrokerInterceptor stop 85  - Waiting for thread pool tasks to terminate...
19/07/2025 12:00:39,661 [Thread-8] INFO  BrokerInterceptor stop 93  - interceptors stopped
19/07/2025 12:00:39,661 [Thread-8] INFO  ScheduledExpirationService shutdown 70  - Successfully cancelled expired entities task
19/07/2025 12:00:39,662 [Thread-8] INFO  ScheduledExpirationService shutdown 70  - Successfully cancelled expired entities task
19/07/2025 12:00:39,662 [Session Executor 1] INFO  SessionEventLoop run 36  - SessionEventLoop Session Executor 1 interrupted
19/07/2025 12:00:39,662 [Session Executor 3] INFO  SessionEventLoop run 36  - SessionEventLoop Session Executor 3 interrupted
19/07/2025 12:00:39,662 [Session Executor 3] INFO  SessionEventLoop run 40  - SessionEventLoop Session Executor 3 exit
19/07/2025 12:00:39,662 [Session Executor 0] INFO  SessionEventLoop run 36  - SessionEventLoop Session Executor 0 interrupted
19/07/2025 12:00:39,662 [Session Executor 2] INFO  SessionEventLoop run 36  - SessionEventLoop Session Executor 2 interrupted
19/07/2025 12:00:39,662 [Session Executor 4] INFO  SessionEventLoop run 36  - SessionEventLoop Session Executor 4 interrupted
19/07/2025 12:00:39,663 [Session Executor 4] INFO  SessionEventLoop run 40  - SessionEventLoop Session Executor 4 exit
19/07/2025 12:00:39,663 [Session Executor 2] INFO  SessionEventLoop run 40  - SessionEventLoop Session Executor 2 exit
19/07/2025 12:00:39,662 [Session Executor 0] INFO  SessionEventLoop run 40  - SessionEventLoop Session Executor 0 exit
19/07/2025 12:00:39,662 [Session Executor 7] INFO  SessionEventLoop run 36  - SessionEventLoop Session Executor 7 interrupted
19/07/2025 12:00:39,664 [Session Executor 7] INFO  SessionEventLoop run 40  - SessionEventLoop Session Executor 7 exit
19/07/2025 12:00:39,662 [Session Executor 6] INFO  SessionEventLoop run 36  - SessionEventLoop Session Executor 6 interrupted
19/07/2025 12:00:39,662 [Session Executor 5] INFO  SessionEventLoop run 36  - SessionEventLoop Session Executor 5 interrupted
19/07/2025 12:00:39,664 [Session Executor 5] INFO  SessionEventLoop run 40  - SessionEventLoop Session Executor 5 exit
19/07/2025 12:00:39,662 [Session Executor 1] INFO  SessionEventLoop run 40  - SessionEventLoop Session Executor 1 exit
19/07/2025 12:00:39,664 [Session Executor 6] INFO  SessionEventLoop run 40  - SessionEventLoop Session Executor 6 exit
19/07/2025 12:00:39,665 [Thread-8] INFO  Server stopServer 622  - Moquette integration has been stopped.
19/07/2025 12:01:56,061 [main] INFO  Server startServer 106  - Starting Moquette integration. Configuration file path=/Users/nils/Documents/Coding/Projects/iot/moquette-distribution-0.19/config/moquette.conf
19/07/2025 12:01:56,062 [main] INFO  ResourceLoaderConfig <init> 40  - Loading configuration. ResourceLoader = file, configName = null.
19/07/2025 12:01:56,063 [main] INFO  FileResourceLoader loadResource 68  - Loading file. Path = /Users/nils/Documents/Coding/Projects/iot/moquette-distribution-0.19/config/moquette.conf.
19/07/2025 12:01:56,067 [main] INFO  ResourceLoaderConfig <init> 62  - Parsing configuration properties. ResourceLoader = file, configName = null.
19/07/2025 12:01:56,070 [main] INFO  Server initInterceptors 526  - Configuring message interceptors...
19/07/2025 12:01:56,070 [main] INFO  BrokerInterceptor <init> 48  - Initializing broker interceptor. InterceptorIds=[]
19/07/2025 12:01:56,071 [main] INFO  Server startServer 194  - Using default SSL context creator
19/07/2025 12:01:56,093 [main] INFO  ResourceAuthenticator <init> 59  - Loading password file config/password_file.conf
19/07/2025 12:01:56,093 [main] INFO  FileResourceLoader loadResource 68  - Loading file. Path = /Users/nils/Documents/Coding/Projects/iot/moquette-distribution-0.19/config/password_file.conf.
19/07/2025 12:01:56,093 [main] INFO  Server initializeAuthenticator 520  - An io.moquette.broker.security.ResourceAuthenticator authenticator instance will be used
19/07/2025 12:01:56,094 [main] INFO  Server initializeAuthorizatorPolicy 499  - Authorizator policy io.moquette.broker.security.PermitAllAuthorizatorPolicy instance will be used
19/07/2025 12:01:56,098 [main] INFO  H2Builder initStore 38  - Initializing H2 store to /Users/nils/Documents/Coding/Projects/iot/moquette-distribution-0.19/data/moquette_store.h2
19/07/2025 12:01:56,116 [main] INFO  Server initQueuesRepository 314  - Configuring segmented queue store to data
19/07/2025 12:01:56,129 [main] INFO  CTrieSubscriptionDirectory init 45  - Initializing CTrie
19/07/2025 12:01:56,130 [main] INFO  CTrieSubscriptionDirectory init 48  - Initializing subscriptions store...
19/07/2025 12:01:56,153 [main] INFO  NewNettyAcceptor initialize 168  - Netty is using NIO
19/07/2025 12:01:56,202 [main] INFO  NewNettyAcceptor initFactory 221  - Server bound to host=0.0.0.0, port=1883, protocol=TCP MQTT
19/07/2025 12:01:56,203 [main] INFO  NewNettyAcceptor initFactory 221  - Server bound to host=0.0.0.0, port=8080, protocol=Websocket MQTT
19/07/2025 12:01:56,204 [main] ERROR NewNettyAcceptor initFactory 227  - Cannot bind to port: 8080
java.net.BindException: Address already in use
	at java.base/sun.nio.ch.Net.bind0(Native Method)
	at java.base/sun.nio.ch.Net.bind(Net.java:565)
	at java.base/sun.nio.ch.ServerSocketChannelImpl.netBind(ServerSocketChannelImpl.java:344)
	at java.base/sun.nio.ch.ServerSocketChannelImpl.bind(ServerSocketChannelImpl.java:301)
	at io.netty.channel.socket.nio.NioServerSocketChannel.doBind(NioServerSocketChannel.java:141)
	at io.netty.channel.AbstractChannel$AbstractUnsafe.bind(AbstractChannel.java:561)
	at io.netty.channel.DefaultChannelPipeline$HeadContext.bind(DefaultChannelPipeline.java:1281)
	at io.netty.channel.AbstractChannelHandlerContext.invokeBind(AbstractChannelHandlerContext.java:600)
	at io.netty.channel.AbstractChannelHandlerContext.bind(AbstractChannelHandlerContext.java:579)
	at io.netty.channel.DefaultChannelPipeline.bind(DefaultChannelPipeline.java:922)
	at io.netty.channel.AbstractChannel.bind(AbstractChannel.java:259)
	at io.netty.bootstrap.AbstractBootstrap$2.run(AbstractBootstrap.java:380)
	at io.netty.util.concurrent.AbstractEventExecutor.runTask(AbstractEventExecutor.java:173)
	at io.netty.util.concurrent.AbstractEventExecutor.safeExecute(AbstractEventExecutor.java:166)
	at io.netty.util.concurrent.SingleThreadEventExecutor.runAllTasks(SingleThreadEventExecutor.java:472)
	at io.netty.channel.nio.NioEventLoop.run(NioEventLoop.java:569)
	at io.netty.util.concurrent.SingleThreadEventExecutor$4.run(SingleThreadEventExecutor.java:998)
	at io.netty.util.internal.ThreadExecutorMap$2.run(ThreadExecutorMap.java:74)
	at io.netty.util.concurrent.FastThreadLocalRunnable.run(FastThreadLocalRunnable.java:30)
	at java.base/java.lang.Thread.run(Thread.java:1583)
